Archive member included to satisfy reference by file (symbol)

c:/program files (x86)/atmel/studio/7.0/toolchain/avr8/avr8-gnu-toolchain/bin/../lib/gcc/avr/5.4.0/avr4\libgcc.a(_udivmodsi4.o)
                              hcI2cSlave.o (__udivmodsi4)
c:/program files (x86)/atmel/studio/7.0/toolchain/avr8/avr8-gnu-toolchain/bin/../lib/gcc/avr/5.4.0/avr4\libgcc.a(_exit.o)
                              C:/Program Files (x86)/Atmel/Studio/7.0/Packs/atmel/ATmega_DFP/1.2.132/gcc/dev/atmega8a/avr4/crtatmega8a.o (exit)
c:/program files (x86)/atmel/studio/7.0/toolchain/avr8/avr8-gnu-toolchain/bin/../lib/gcc/avr/5.4.0/avr4\libgcc.a(_copy_data.o)
                              io.o (__do_copy_data)
c:/program files (x86)/atmel/studio/7.0/toolchain/avr8/avr8-gnu-toolchain/bin/../lib/gcc/avr/5.4.0/avr4\libgcc.a(_clear_bss.o)
                              hcI2cSlave.o (__do_clear_bss)
C:/Program Files (x86)/Atmel/Studio/7.0/Packs/atmel/ATmega_DFP/1.2.132/gcc/dev/atmega8a/avr4\libatmega8a.a(eerd_byte.o)
                              hcI2cSlave.o (eeprom_read_byte)
C:/Program Files (x86)/Atmel/Studio/7.0/Packs/atmel/ATmega_DFP/1.2.132/gcc/dev/atmega8a/avr4\libatmega8a.a(eeupd_byte.o)
                              hcI2cSlave.o (eeprom_update_byte)
C:/Program Files (x86)/Atmel/Studio/7.0/Packs/atmel/ATmega_DFP/1.2.132/gcc/dev/atmega8a/avr4\libatmega8a.a(eewr_byte.o)
                              hcI2cSlave.o (eeprom_write_byte)

Allocating common symbols
Common symbol       size              file

hcI2cSendDataLength
                    0x1               hcI2cSlave.o
hcI2cPwmBeat        0x2               hcI2cSlave.o
hcI2cInterruptCount
                    0x1               hcI2cSlave.o
hcI2cEepromPosition
                    0x2               hcI2cSlave.o
hcI2cReadBufferPosition
                    0x1               hcI2cSlave.o
hcLedActive         0x1               hcI2cSlave.o
hcI2cPwmSpeedValue  0x2               hcI2cSlave.o
ios                 0xc0              io.o
hcI2cReadBuffer     0x22              hcI2cSlave.o
hcI2cWriteBufferPosition
                    0x1               hcI2cSlave.o
hcI2cWriteBuffer    0x20              hcI2cSlave.o
hcI2cDataChangedLength
                    0x1               hcI2cSlave.o
ioInputCount        0x10              io.o
hcRgbLedColor       0x6               hcI2cSlave.o
hcIsrCount          0x4               hcI2cSlave.o

Discarded input sections

 .data          0x00000000        0x0 C:/Program Files (x86)/Atmel/Studio/7.0/Packs/atmel/ATmega_DFP/1.2.132/gcc/dev/atmega8a/avr4/crtatmega8a.o
 .bss           0x00000000        0x0 C:/Program Files (x86)/Atmel/Studio/7.0/Packs/atmel/ATmega_DFP/1.2.132/gcc/dev/atmega8a/avr4/crtatmega8a.o
 .text          0x00000000        0x0 hcI2cSlave.o
 .data          0x00000000        0x0 hcI2cSlave.o
 .bss           0x00000000        0x0 hcI2cSlave.o
 .avr.prop      0x00000000       0x28 hcI2cSlave.o
 .text          0x00000000        0x0 io.o
 .data          0x00000000        0x0 io.o
 .bss           0x00000000        0x0 io.o
 .avr.prop      0x00000000       0x16 io.o
 .text          0x00000000        0x0 main.o
 .data          0x00000000        0x0 main.o
 .bss           0x00000000        0x0 main.o
 .text.isrEveryStepReset
                0x00000000        0x2 main.o
 .text          0x00000000        0x0 c:/program files (x86)/atmel/studio/7.0/toolchain/avr8/avr8-gnu-toolchain/bin/../lib/gcc/avr/5.4.0/avr4\libgcc.a(_udivmodsi4.o)
 .data          0x00000000        0x0 c:/program files (x86)/atmel/studio/7.0/toolchain/avr8/avr8-gnu-toolchain/bin/../lib/gcc/avr/5.4.0/avr4\libgcc.a(_udivmodsi4.o)
 .bss           0x00000000        0x0 c:/program files (x86)/atmel/studio/7.0/toolchain/avr8/avr8-gnu-toolchain/bin/../lib/gcc/avr/5.4.0/avr4\libgcc.a(_udivmodsi4.o)
 .text.libgcc.mul
                0x00000000        0x0 c:/program files (x86)/atmel/studio/7.0/toolchain/avr8/avr8-gnu-toolchain/bin/../lib/gcc/avr/5.4.0/avr4\libgcc.a(_udivmodsi4.o)
 .text.libgcc   0x00000000        0x0 c:/program files (x86)/atmel/studio/7.0/toolchain/avr8/avr8-gnu-toolchain/bin/../lib/gcc/avr/5.4.0/avr4\libgcc.a(_udivmodsi4.o)
 .text.libgcc.prologue
                0x00000000        0x0 c:/program files (x86)/atmel/studio/7.0/toolchain/avr8/avr8-gnu-toolchain/bin/../lib/gcc/avr/5.4.0/avr4\libgcc.a(_udivmodsi4.o)
 .text.libgcc.builtins
                0x00000000        0x0 c:/program files (x86)/atmel/studio/7.0/toolchain/avr8/avr8-gnu-toolchain/bin/../lib/gcc/avr/5.4.0/avr4\libgcc.a(_udivmodsi4.o)
 .text.libgcc.fmul
                0x00000000        0x0 c:/program files (x86)/atmel/studio/7.0/toolchain/avr8/avr8-gnu-toolchain/bin/../lib/gcc/avr/5.4.0/avr4\libgcc.a(_udivmodsi4.o)
 .text.libgcc.fixed
                0x00000000        0x0 c:/program files (x86)/atmel/studio/7.0/toolchain/avr8/avr8-gnu-toolchain/bin/../lib/gcc/avr/5.4.0/avr4\libgcc.a(_udivmodsi4.o)
 .text          0x00000000        0x0 c:/program files (x86)/atmel/studio/7.0/toolchain/avr8/avr8-gnu-toolchain/bin/../lib/gcc/avr/5.4.0/avr4\libgcc.a(_exit.o)
 .data          0x00000000        0x0 c:/program files (x86)/atmel/studio/7.0/toolchain/avr8/avr8-gnu-toolchain/bin/../lib/gcc/avr/5.4.0/avr4\libgcc.a(_exit.o)
 .bss           0x00000000        0x0 c:/program files (x86)/atmel/studio/7.0/toolchain/avr8/avr8-gnu-toolchain/bin/../lib/gcc/avr/5.4.0/avr4\libgcc.a(_exit.o)
 .text.libgcc.mul
                0x00000000        0x0 c:/program files (x86)/atmel/studio/7.0/toolchain/avr8/avr8-gnu-toolchain/bin/../lib/gcc/avr/5.4.0/avr4\libgcc.a(_exit.o)
 .text.libgcc.div
                0x00000000        0x0 c:/program files (x86)/atmel/studio/7.0/toolchain/avr8/avr8-gnu-toolchain/bin/../lib/gcc/avr/5.4.0/avr4\libgcc.a(_exit.o)
 .text.libgcc   0x00000000        0x0 c:/program files (x86)/atmel/studio/7.0/toolchain/avr8/avr8-gnu-toolchain/bin/../lib/gcc/avr/5.4.0/avr4\libgcc.a(_exit.o)
 .text.libgcc.prologue
                0x00000000        0x0 c:/program files (x86)/atmel/studio/7.0/toolchain/avr8/avr8-gnu-toolchain/bin/../lib/gcc/avr/5.4.0/avr4\libgcc.a(_exit.o)
 .text.libgcc.builtins
                0x00000000        0x0 c:/program files (x86)/atmel/studio/7.0/toolchain/avr8/avr8-gnu-toolchain/bin/../lib/gcc/avr/5.4.0/avr4\libgcc.a(_exit.o)
 .text.libgcc.fmul
                0x00000000        0x0 c:/program files (x86)/atmel/studio/7.0/toolchain/avr8/avr8-gnu-toolchain/bin/../lib/gcc/avr/5.4.0/avr4\libgcc.a(_exit.o)
 .text.libgcc.fixed
                0x00000000        0x0 c:/program files (x86)/atmel/studio/7.0/toolchain/avr8/avr8-gnu-toolchain/bin/../lib/gcc/avr/5.4.0/avr4\libgcc.a(_exit.o)
 .text          0x00000000        0x0 c:/program files (x86)/atmel/studio/7.0/toolchain/avr8/avr8-gnu-toolchain/bin/../lib/gcc/avr/5.4.0/avr4\libgcc.a(_copy_data.o)
 .data          0x00000000        0x0 c:/program files (x86)/atmel/studio/7.0/toolchain/avr8/avr8-gnu-toolchain/bin/../lib/gcc/avr/5.4.0/avr4\libgcc.a(_copy_data.o)
 .bss           0x00000000        0x0 c:/program files (x86)/atmel/studio/7.0/toolchain/avr8/avr8-gnu-toolchain/bin/../lib/gcc/avr/5.4.0/avr4\libgcc.a(_copy_data.o)
 .text.libgcc.mul
                0x00000000        0x0 c:/program files (x86)/atmel/studio/7.0/toolchain/avr8/avr8-gnu-toolchain/bin/../lib/gcc/avr/5.4.0/avr4\libgcc.a(_copy_data.o)
 .text.libgcc.div
                0x00000000        0x0 c:/program files (x86)/atmel/studio/7.0/toolchain/avr8/avr8-gnu-toolchain/bin/../lib/gcc/avr/5.4.0/avr4\libgcc.a(_copy_data.o)
 .text.libgcc   0x00000000        0x0 c:/program files (x86)/atmel/studio/7.0/toolchain/avr8/avr8-gnu-toolchain/bin/../lib/gcc/avr/5.4.0/avr4\libgcc.a(_copy_data.o)
 .text.libgcc.prologue
                0x00000000        0x0 c:/program files (x86)/atmel/studio/7.0/toolchain/avr8/avr8-gnu-toolchain/bin/../lib/gcc/avr/5.4.0/avr4\libgcc.a(_copy_data.o)
 .text.libgcc.builtins
                0x00000000        0x0 c:/program files (x86)/atmel/studio/7.0/toolchain/avr8/avr8-gnu-toolchain/bin/../lib/gcc/avr/5.4.0/avr4\libgcc.a(_copy_data.o)
 .text.libgcc.fmul
                0x00000000        0x0 c:/program files (x86)/atmel/studio/7.0/toolchain/avr8/avr8-gnu-toolchain/bin/../lib/gcc/avr/5.4.0/avr4\libgcc.a(_copy_data.o)
 .text.libgcc.fixed
                0x00000000        0x0 c:/program files (x86)/atmel/studio/7.0/toolchain/avr8/avr8-gnu-toolchain/bin/../lib/gcc/avr/5.4.0/avr4\libgcc.a(_copy_data.o)
 .text          0x00000000        0x0 c:/program files (x86)/atmel/studio/7.0/toolchain/avr8/avr8-gnu-toolchain/bin/../lib/gcc/avr/5.4.0/avr4\libgcc.a(_clear_bss.o)
 .data          0x00000000        0x0 c:/program files (x86)/atmel/studio/7.0/toolchain/avr8/avr8-gnu-toolchain/bin/../lib/gcc/avr/5.4.0/avr4\libgcc.a(_clear_bss.o)
 .bss           0x00000000        0x0 c:/program files (x86)/atmel/studio/7.0/toolchain/avr8/avr8-gnu-toolchain/bin/../lib/gcc/avr/5.4.0/avr4\libgcc.a(_clear_bss.o)
 .text.libgcc.mul
                0x00000000        0x0 c:/program files (x86)/atmel/studio/7.0/toolchain/avr8/avr8-gnu-toolchain/bin/../lib/gcc/avr/5.4.0/avr4\libgcc.a(_clear_bss.o)
 .text.libgcc.div
                0x00000000        0x0 c:/program files (x86)/atmel/studio/7.0/toolchain/avr8/avr8-gnu-toolchain/bin/../lib/gcc/avr/5.4.0/avr4\libgcc.a(_clear_bss.o)
 .text.libgcc   0x00000000        0x0 c:/program files (x86)/atmel/studio/7.0/toolchain/avr8/avr8-gnu-toolchain/bin/../lib/gcc/avr/5.4.0/avr4\libgcc.a(_clear_bss.o)
 .text.libgcc.prologue
                0x00000000        0x0 c:/program files (x86)/atmel/studio/7.0/toolchain/avr8/avr8-gnu-toolchain/bin/../lib/gcc/avr/5.4.0/avr4\libgcc.a(_clear_bss.o)
 .text.libgcc.builtins
                0x00000000        0x0 c:/program files (x86)/atmel/studio/7.0/toolchain/avr8/avr8-gnu-toolchain/bin/../lib/gcc/avr/5.4.0/avr4\libgcc.a(_clear_bss.o)
 .text.libgcc.fmul
                0x00000000        0x0 c:/program files (x86)/atmel/studio/7.0/toolchain/avr8/avr8-gnu-toolchain/bin/../lib/gcc/avr/5.4.0/avr4\libgcc.a(_clear_bss.o)
 .text.libgcc.fixed
                0x00000000        0x0 c:/program files (x86)/atmel/studio/7.0/toolchain/avr8/avr8-gnu-toolchain/bin/../lib/gcc/avr/5.4.0/avr4\libgcc.a(_clear_bss.o)
 .text          0x00000000        0x0 C:/Program Files (x86)/Atmel/Studio/7.0/Packs/atmel/ATmega_DFP/1.2.132/gcc/dev/atmega8a/avr4\libatmega8a.a(eerd_byte.o)
 .data          0x00000000        0x0 C:/Program Files (x86)/Atmel/Studio/7.0/Packs/atmel/ATmega_DFP/1.2.132/gcc/dev/atmega8a/avr4\libatmega8a.a(eerd_byte.o)
 .bss           0x00000000        0x0 C:/Program Files (x86)/Atmel/Studio/7.0/Packs/atmel/ATmega_DFP/1.2.132/gcc/dev/atmega8a/avr4\libatmega8a.a(eerd_byte.o)
 .text          0x00000000        0x0 C:/Program Files (x86)/Atmel/Studio/7.0/Packs/atmel/ATmega_DFP/1.2.132/gcc/dev/atmega8a/avr4\libatmega8a.a(eeupd_byte.o)
 .data          0x00000000        0x0 C:/Program Files (x86)/Atmel/Studio/7.0/Packs/atmel/ATmega_DFP/1.2.132/gcc/dev/atmega8a/avr4\libatmega8a.a(eeupd_byte.o)
 .bss           0x00000000        0x0 C:/Program Files (x86)/Atmel/Studio/7.0/Packs/atmel/ATmega_DFP/1.2.132/gcc/dev/atmega8a/avr4\libatmega8a.a(eeupd_byte.o)
 .text          0x00000000        0x0 C:/Program Files (x86)/Atmel/Studio/7.0/Packs/atmel/ATmega_DFP/1.2.132/gcc/dev/atmega8a/avr4\libatmega8a.a(eewr_byte.o)
 .data          0x00000000        0x0 C:/Program Files (x86)/Atmel/Studio/7.0/Packs/atmel/ATmega_DFP/1.2.132/gcc/dev/atmega8a/avr4\libatmega8a.a(eewr_byte.o)
 .bss           0x00000000        0x0 C:/Program Files (x86)/Atmel/Studio/7.0/Packs/atmel/ATmega_DFP/1.2.132/gcc/dev/atmega8a/avr4\libatmega8a.a(eewr_byte.o)

Memory Configuration

Name             Origin             Length             Attributes
text             0x00000000         0x00002000         xr
data             0x00800060         0x0000ffa0         rw !x
eeprom           0x00810000         0x00010000         rw !x
fuse             0x00820000         0x00000002         rw !x
lock             0x00830000         0x00000400         rw !x
signature        0x00840000         0x00000400         rw !x
user_signatures  0x00850000         0x00000400         rw !x
*default*        0x00000000         0xffffffff

Linker script and memory map

LOAD C:/Program Files (x86)/Atmel/Studio/7.0/Packs/atmel/ATmega_DFP/1.2.132/gcc/dev/atmega8a/avr4/crtatmega8a.o
LOAD hcI2cSlave.o
LOAD io.o
LOAD main.o
START GROUP
LOAD c:/program files (x86)/atmel/studio/7.0/toolchain/avr8/avr8-gnu-toolchain/bin/../lib/gcc/avr/5.4.0/../../../../avr/lib/avr4\libm.a
END GROUP
START GROUP
LOAD c:/program files (x86)/atmel/studio/7.0/toolchain/avr8/avr8-gnu-toolchain/bin/../lib/gcc/avr/5.4.0/avr4\libgcc.a
LOAD c:/program files (x86)/atmel/studio/7.0/toolchain/avr8/avr8-gnu-toolchain/bin/../lib/gcc/avr/5.4.0/../../../../avr/lib/avr4\libm.a
LOAD c:/program files (x86)/atmel/studio/7.0/toolchain/avr8/avr8-gnu-toolchain/bin/../lib/gcc/avr/5.4.0/../../../../avr/lib/avr4\libc.a
LOAD C:/Program Files (x86)/Atmel/Studio/7.0/Packs/atmel/ATmega_DFP/1.2.132/gcc/dev/atmega8a/avr4\libatmega8a.a
END GROUP
                0x00000000                __TEXT_REGION_ORIGIN__ = DEFINED (__TEXT_REGION_ORIGIN__)?__TEXT_REGION_ORIGIN__:0x0
                0x00800060                __DATA_REGION_ORIGIN__ = DEFINED (__DATA_REGION_ORIGIN__)?__DATA_REGION_ORIGIN__:0x800060
                0x00002000                __TEXT_REGION_LENGTH__ = DEFINED (__TEXT_REGION_LENGTH__)?__TEXT_REGION_LENGTH__:0x2000
                0x0000ffa0                __DATA_REGION_LENGTH__ = DEFINED (__DATA_REGION_LENGTH__)?__DATA_REGION_LENGTH__:0xffa0
                0x00010000                __EEPROM_REGION_LENGTH__ = DEFINED (__EEPROM_REGION_LENGTH__)?__EEPROM_REGION_LENGTH__:0x10000
                [0x00000002]                __FUSE_REGION_LENGTH__ = DEFINED (__FUSE_REGION_LENGTH__)?__FUSE_REGION_LENGTH__:0x400
                0x00000400                __LOCK_REGION_LENGTH__ = DEFINED (__LOCK_REGION_LENGTH__)?__LOCK_REGION_LENGTH__:0x400
                0x00000400                __SIGNATURE_REGION_LENGTH__ = DEFINED (__SIGNATURE_REGION_LENGTH__)?__SIGNATURE_REGION_LENGTH__:0x400
                0x00000400                __USER_SIGNATURE_REGION_LENGTH__ = DEFINED (__USER_SIGNATURE_REGION_LENGTH__)?__USER_SIGNATURE_REGION_LENGTH__:0x400

.hash
 *(.hash)

.dynsym
 *(.dynsym)

.dynstr
 *(.dynstr)

.gnu.version
 *(.gnu.version)

.gnu.version_d
 *(.gnu.version_d)

.gnu.version_r
 *(.gnu.version_r)

.rel.init
 *(.rel.init)

.rela.init
 *(.rela.init)

.rel.text
 *(.rel.text)
 *(.rel.text.*)
 *(.rel.gnu.linkonce.t*)

.rela.text
 *(.rela.text)
 *(.rela.text.*)
 *(.rela.gnu.linkonce.t*)

.rel.fini
 *(.rel.fini)

.rela.fini
 *(.rela.fini)

.rel.rodata
 *(.rel.rodata)
 *(.rel.rodata.*)
 *(.rel.gnu.linkonce.r*)

.rela.rodata
 *(.rela.rodata)
 *(.rela.rodata.*)
 *(.rela.gnu.linkonce.r*)

.rel.data
 *(.rel.data)
 *(.rel.data.*)
 *(.rel.gnu.linkonce.d*)

.rela.data
 *(.rela.data)
 *(.rela.data.*)
 *(.rela.gnu.linkonce.d*)

.rel.ctors
 *(.rel.ctors)

.rela.ctors
 *(.rela.ctors)

.rel.dtors
 *(.rel.dtors)

.rela.dtors
 *(.rela.dtors)

.rel.got
 *(.rel.got)

.rela.got
 *(.rela.got)

.rel.bss
 *(.rel.bss)

.rela.bss
 *(.rela.bss)

.rel.plt
 *(.rel.plt)

.rela.plt
 *(.rela.plt)

.text           0x00000000     0x1716
 *(.vectors)
 .vectors       0x00000000       0x26 C:/Program Files (x86)/Atmel/Studio/7.0/Packs/atmel/ATmega_DFP/1.2.132/gcc/dev/atmega8a/avr4/crtatmega8a.o
                0x00000000                __vector_default
                0x00000000                __vectors
 *(.vectors)
 *(.progmem.gcc*)
 .progmem.gcc_sw_table.hcWriteToI2c
                0x00000026       0x70 hcI2cSlave.o
 .progmem.gcc_sw_table.hcReadFromI2c
                0x00000096       0x24 hcI2cSlave.o
 .progmem.gcc_sw_table.ioSetData
                0x000000ba       0x12 io.o
                0x000000cc                . = ALIGN (0x2)
                0x000000cc                __trampolines_start = .
 *(.trampolines)
 .trampolines   0x000000cc        0x0 linker stubs
 *(.trampolines*)
                0x000000cc                __trampolines_end = .
 *libprintf_flt.a:*(.progmem.data)
 *libc.a:*(.progmem.data)
 *(.progmem*)
                0x000000cc                . = ALIGN (0x2)
 *(.jumptables)
 *(.jumptables*)
 *(.lowtext)
 *(.lowtext*)
                0x000000cc                __ctors_start = .
 *(.ctors)
                0x000000cc                __ctors_end = .
                0x000000cc                __dtors_start = .
 *(.dtors)
                0x000000cc                __dtors_end = .
 SORT(*)(.ctors)
 SORT(*)(.dtors)
 *(.init0)
 .init0         0x000000cc        0x0 C:/Program Files (x86)/Atmel/Studio/7.0/Packs/atmel/ATmega_DFP/1.2.132/gcc/dev/atmega8a/avr4/crtatmega8a.o
                0x000000cc                __init
 *(.init0)
 *(.init1)
 *(.init1)
 *(.init2)
 .init2         0x000000cc        0xc C:/Program Files (x86)/Atmel/Studio/7.0/Packs/atmel/ATmega_DFP/1.2.132/gcc/dev/atmega8a/avr4/crtatmega8a.o
 *(.init2)
 *(.init3)
 *(.init3)
 *(.init4)
 .init4         0x000000d8       0x16 c:/program files (x86)/atmel/studio/7.0/toolchain/avr8/avr8-gnu-toolchain/bin/../lib/gcc/avr/5.4.0/avr4\libgcc.a(_copy_data.o)
                0x000000d8                __do_copy_data
 .init4         0x000000ee       0x10 c:/program files (x86)/atmel/studio/7.0/toolchain/avr8/avr8-gnu-toolchain/bin/../lib/gcc/avr/5.4.0/avr4\libgcc.a(_clear_bss.o)
                0x000000ee                __do_clear_bss
 *(.init4)
 *(.init5)
 *(.init5)
 *(.init6)
 *(.init6)
 *(.init7)
 *(.init7)
 *(.init8)
 *(.init8)
 *(.init9)
 .init9         0x000000fe        0x4 C:/Program Files (x86)/Atmel/Studio/7.0/Packs/atmel/ATmega_DFP/1.2.132/gcc/dev/atmega8a/avr4/crtatmega8a.o
 *(.init9)
 *(.text)
 .text          0x00000102        0x2 C:/Program Files (x86)/Atmel/Studio/7.0/Packs/atmel/ATmega_DFP/1.2.132/gcc/dev/atmega8a/avr4/crtatmega8a.o
                0x00000102                __vector_1
                0x00000102                __vector_12
                0x00000102                __bad_interrupt
                0x00000102                __vector_3
                0x00000102                __vector_11
                0x00000102                __vector_13
                0x00000102                __vector_7
                0x00000102                __vector_5
                0x00000102                __vector_4
                0x00000102                __vector_9
                0x00000102                __vector_2
                0x00000102                __vector_15
                0x00000102                __vector_8
                0x00000102                __vector_14
                0x00000102                __vector_10
                0x00000102                __vector_16
                0x00000102                __vector_18
                0x00000104                . = ALIGN (0x2)
 *(.text.*)
 .text.hcInitI2C
                0x00000104       0xb2 hcI2cSlave.o
                0x00000104                hcInitI2C
 .text.hcWriteToI2c
                0x000001b6       0xd0 hcI2cSlave.o
                0x000001b6                hcWriteToI2c
 .text.hcI2cCheckDeviceId
                0x00000286       0x2a hcI2cSlave.o
                0x00000286                hcI2cCheckDeviceId
 .text.hcReadFromI2c
                0x000002b0      0x14c hcI2cSlave.o
                0x000002b0                hcReadFromI2c
 .text.__vector_17
                0x000003fc       0xd0 hcI2cSlave.o
                0x000003fc                __vector_17
 .text.hcI2cReadByteFromEeprom
                0x000004cc        0x6 hcI2cSlave.o
                0x000004cc                hcI2cReadByteFromEeprom
 .text.hcI2cWriteByteToEeprom
                0x000004d2        0x6 hcI2cSlave.o
                0x000004d2                hcI2cWriteByteToEeprom
 .text.hcI2cUpdateByteInEeprom
                0x000004d8        0x6 hcI2cSlave.o
                0x000004d8                hcI2cUpdateByteInEeprom
 .text.hcI2cInterruptCheck
                0x000004de       0x58 hcI2cSlave.o
                0x000004de                hcI2cInterruptCheck
 .text.__vector_6
                0x00000536       0x46 hcI2cSlave.o
                0x00000536                __vector_6
 .text.ioExecuteDirectConnect
                0x0000057c      0x186 io.o
                0x0000057c                ioExecuteDirectConnect
 .text.ioStartExecuteDirectConnect
                0x00000702       0x42 io.o
                0x00000702                ioStartExecuteDirectConnect
 .text.ioReadInputs
                0x00000744      0x100 io.o
                0x00000744                ioReadInputs
 .text.ioDefragDirectConnect
                0x00000844      0x17e io.o
                0x00000844                ioDefragDirectConnect
 .text.ioGetConfiguration
                0x000009c2        0xa io.o
                0x000009c2                ioGetConfiguration
 .text.ioGetStatus
                0x000009cc       0x9a io.o
                0x000009cc                ioGetStatus
 .text.ioGetChangedData
                0x00000a66        0x6 io.o
                0x00000a66                ioGetChangedData
 .text.ioSetPort
                0x00000a6c      0x208 io.o
                0x00000a6c                ioSetPort
 .text.ioLoadStatusFromEeprom
                0x00000c74       0x9c io.o
                0x00000c74                ioLoadStatusFromEeprom
 .text.ioInit   0x00000d10      0x12c io.o
                0x00000d10                ioInit
 .text.ioGetData
                0x00000e3c      0x136 io.o
                0x00000e3c                ioGetData
 .text.ioSetData
                0x00000f72      0x418 io.o
                0x00000f72                ioSetData
 .text.ioIsrEveryCall
                0x0000138a      0x2e4 io.o
                0x0000138a                ioIsrEveryCall
 .text.startup.main
                0x0000166e        0x8 main.o
                0x0000166e                main
 .text.getConfiguration
                0x00001676        0x2 main.o
                0x00001676                getConfiguration
 .text.getStatus
                0x00001678        0x2 main.o
                0x00001678                getStatus
 .text.getData  0x0000167a        0x2 main.o
                0x0000167a                getData
 .text.setData  0x0000167c        0x2 main.o
                0x0000167c                setData
 .text.getChangedData
                0x0000167e        0x2 main.o
                0x0000167e                getChangedData
 .text.isrEveryCall
                0x00001680        0x2 main.o
                0x00001680                isrEveryCall
 .text.libgcc.div
                0x00001682       0x44 c:/program files (x86)/atmel/studio/7.0/toolchain/avr8/avr8-gnu-toolchain/bin/../lib/gcc/avr/5.4.0/avr4\libgcc.a(_udivmodsi4.o)
                0x00001682                __udivmodsi4
 .text.avr-libc
                0x000016c6       0x10 C:/Program Files (x86)/Atmel/Studio/7.0/Packs/atmel/ATmega_DFP/1.2.132/gcc/dev/atmega8a/avr4\libatmega8a.a(eerd_byte.o)
                0x000016c6                eeprom_read_byte
 .text.avr-libc
                0x000016d6       0x22 C:/Program Files (x86)/Atmel/Studio/7.0/Packs/atmel/ATmega_DFP/1.2.132/gcc/dev/atmega8a/avr4\libatmega8a.a(eeupd_byte.o)
                0x000016d6                eeprom_update_byte
                0x000016d8                eeprom_update_r18
 .text.avr-libc
                0x000016f8       0x1a C:/Program Files (x86)/Atmel/Studio/7.0/Packs/atmel/ATmega_DFP/1.2.132/gcc/dev/atmega8a/avr4\libatmega8a.a(eewr_byte.o)
                0x000016f8                eeprom_write_byte
                0x000016fa                eeprom_write_r18
                0x00001712                . = ALIGN (0x2)
 *(.fini9)
 .fini9         0x00001712        0x0 c:/program files (x86)/atmel/studio/7.0/toolchain/avr8/avr8-gnu-toolchain/bin/../lib/gcc/avr/5.4.0/avr4\libgcc.a(_exit.o)
                0x00001712                _exit
                0x00001712                exit
 *(.fini9)
 *(.fini8)
 *(.fini8)
 *(.fini7)
 *(.fini7)
 *(.fini6)
 *(.fini6)
 *(.fini5)
 *(.fini5)
 *(.fini4)
 *(.fini4)
 *(.fini3)
 *(.fini3)
 *(.fini2)
 *(.fini2)
 *(.fini1)
 *(.fini1)
 *(.fini0)
 .fini0         0x00001712        0x4 c:/program files (x86)/atmel/studio/7.0/toolchain/avr8/avr8-gnu-toolchain/bin/../lib/gcc/avr/5.4.0/avr4\libgcc.a(_exit.o)
 *(.fini0)
                0x00001716                _etext = .

.data           0x00800060       0x72 load address 0x00001716
                0x00800060                PROVIDE (__data_start, .)
 *(.data)
 *(.data*)
 .data.ioBits   0x00800060       0x10 io.o
                0x00800060                ioBits
 .data.ioPins   0x00800070       0x20 io.o
                0x00800070                ioPins
 .data.ioPorts  0x00800090       0x20 io.o
                0x00800090                ioPorts
 .data.ioDdrs   0x008000b0       0x20 io.o
                0x008000b0                ioDdrs
 .data.ioGetDirectConnectIo
                0x008000d0        0x1 io.o
                0x008000d0                ioGetDirectConnectIo
 .data.ioDirectConnectStatus
                0x008000d1        0x1 io.o
                0x008000d1                ioDirectConnectStatus
 *(.gnu.linkonce.d*)
 *(.rodata)
 *(.rodata*)
 *(.gnu.linkonce.r*)
                0x008000d2                . = ALIGN (0x2)
                0x008000d2                _edata = .
                0x008000d2                PROVIDE (__data_end, .)

.bss            0x008000d2      0x12a
                0x008000d2                PROVIDE (__bss_start, .)
 *(.bss)
 *(.bss*)
 .bss.ioGetDirectConnectNumber
                0x008000d2        0x1 io.o
                0x008000d2                ioGetDirectConnectNumber
 .bss.ioBufferPos
                0x008000d3        0x1 io.o
                0x008000d3                ioBufferPos
 *(COMMON)
 COMMON         0x008000d4       0x58 hcI2cSlave.o
                0x008000d4                hcI2cSendDataLength
                0x008000d5                hcI2cPwmBeat
                0x008000d7                hcI2cInterruptCount
                0x008000d8                hcI2cEepromPosition
                0x008000da                hcI2cReadBufferPosition
                0x008000db                hcLedActive
                0x008000dc                hcI2cPwmSpeedValue
                0x008000de                hcI2cReadBuffer
                0x00800100                hcI2cWriteBufferPosition
                0x00800101                hcI2cWriteBuffer
                0x00800121                hcI2cDataChangedLength
                0x00800122                hcRgbLedColor
                0x00800128                hcIsrCount
 COMMON         0x0080012c       0xd0 io.o
                0x0080012c                ios
                0x008001ec                ioInputCount
                0x008001fc                PROVIDE (__bss_end, .)
                0x00001716                __data_load_start = LOADADDR (.data)
                0x00001788                __data_load_end = (__data_load_start + SIZEOF (.data))

.noinit         0x008001fc        0x0
                [!provide]                PROVIDE (__noinit_start, .)
 *(.noinit*)
                [!provide]                PROVIDE (__noinit_end, .)
                0x008001fc                _end = .
                [!provide]                PROVIDE (__heap_start, .)

.eeprom         0x00810000      0x200
 *(.eeprom*)
 .eeprom        0x00810000      0x200 hcI2cSlave.o
                0x00810000                hcI2cPwmSpeed
                0x00810002                hcI2cAddress
                0x00810003                hcI2cType
                0x00810004                hcI2cDeviceId
                0x00810006                hcI2cEepromData
                0x00810200                __eeprom_end = .

.fuse
 *(.fuse)
 *(.lfuse)
 *(.hfuse)
 *(.efuse)

.lock
 *(.lock*)

.signature
 *(.signature*)

.user_signatures
 *(.user_signatures*)

.stab
 *(.stab)

.stabstr
 *(.stabstr)

.stab.excl
 *(.stab.excl)

.stab.exclstr
 *(.stab.exclstr)

.stab.index
 *(.stab.index)

.stab.indexstr
 *(.stab.indexstr)

.comment        0x00000000       0x30
 *(.comment)
 .comment       0x00000000       0x30 hcI2cSlave.o
                                 0x31 (size before relaxing)
 .comment       0x00000030       0x31 io.o
 .comment       0x00000030       0x31 main.o

.note.gnu.avr.deviceinfo
                0x00000000       0x3c
 .note.gnu.avr.deviceinfo
                0x00000000       0x3c C:/Program Files (x86)/Atmel/Studio/7.0/Packs/atmel/ATmega_DFP/1.2.132/gcc/dev/atmega8a/avr4/crtatmega8a.o

.note.gnu.build-id
 *(.note.gnu.build-id)

.debug
 *(.debug)

.line
 *(.line)

.debug_srcinfo
 *(.debug_srcinfo)

.debug_sfnames
 *(.debug_sfnames)

.debug_aranges  0x00000000       0x60
 *(.debug_aranges)
 .debug_aranges
                0x00000000       0x20 C:/Program Files (x86)/Atmel/Studio/7.0/Packs/atmel/ATmega_DFP/1.2.132/gcc/dev/atmega8a/avr4\libatmega8a.a(eerd_byte.o)
 .debug_aranges
                0x00000020       0x20 C:/Program Files (x86)/Atmel/Studio/7.0/Packs/atmel/ATmega_DFP/1.2.132/gcc/dev/atmega8a/avr4\libatmega8a.a(eeupd_byte.o)
 .debug_aranges
                0x00000040       0x20 C:/Program Files (x86)/Atmel/Studio/7.0/Packs/atmel/ATmega_DFP/1.2.132/gcc/dev/atmega8a/avr4\libatmega8a.a(eewr_byte.o)

.debug_pubnames
 *(.debug_pubnames)

.debug_info     0x00000000      0x68b
 *(.debug_info .gnu.linkonce.wi.*)
 .debug_info    0x00000000      0x48c C:/Program Files (x86)/Atmel/Studio/7.0/Packs/atmel/ATmega_DFP/1.2.132/gcc/dev/atmega8a/avr4/crtatmega8a.o
 .debug_info    0x0000048c       0xaa C:/Program Files (x86)/Atmel/Studio/7.0/Packs/atmel/ATmega_DFP/1.2.132/gcc/dev/atmega8a/avr4\libatmega8a.a(eerd_byte.o)
 .debug_info    0x00000536       0xab C:/Program Files (x86)/Atmel/Studio/7.0/Packs/atmel/ATmega_DFP/1.2.132/gcc/dev/atmega8a/avr4\libatmega8a.a(eeupd_byte.o)
 .debug_info    0x000005e1       0xaa C:/Program Files (x86)/Atmel/Studio/7.0/Packs/atmel/ATmega_DFP/1.2.132/gcc/dev/atmega8a/avr4\libatmega8a.a(eewr_byte.o)

.debug_abbrev   0x00000000      0x48a
 *(.debug_abbrev)
 .debug_abbrev  0x00000000      0x44e C:/Program Files (x86)/Atmel/Studio/7.0/Packs/atmel/ATmega_DFP/1.2.132/gcc/dev/atmega8a/avr4/crtatmega8a.o
 .debug_abbrev  0x0000044e       0x14 C:/Program Files (x86)/Atmel/Studio/7.0/Packs/atmel/ATmega_DFP/1.2.132/gcc/dev/atmega8a/avr4\libatmega8a.a(eerd_byte.o)
 .debug_abbrev  0x00000462       0x14 C:/Program Files (x86)/Atmel/Studio/7.0/Packs/atmel/ATmega_DFP/1.2.132/gcc/dev/atmega8a/avr4\libatmega8a.a(eeupd_byte.o)
 .debug_abbrev  0x00000476       0x14 C:/Program Files (x86)/Atmel/Studio/7.0/Packs/atmel/ATmega_DFP/1.2.132/gcc/dev/atmega8a/avr4\libatmega8a.a(eewr_byte.o)

.debug_line     0x00000000      0x2cb
 *(.debug_line .debug_line.* .debug_line_end)
 .debug_line    0x00000000      0x109 C:/Program Files (x86)/Atmel/Studio/7.0/Packs/atmel/ATmega_DFP/1.2.132/gcc/dev/atmega8a/avr4/crtatmega8a.o
 .debug_line    0x00000109       0x7a C:/Program Files (x86)/Atmel/Studio/7.0/Packs/atmel/ATmega_DFP/1.2.132/gcc/dev/atmega8a/avr4\libatmega8a.a(eerd_byte.o)
 .debug_line    0x00000183       0xb0 C:/Program Files (x86)/Atmel/Studio/7.0/Packs/atmel/ATmega_DFP/1.2.132/gcc/dev/atmega8a/avr4\libatmega8a.a(eeupd_byte.o)
 .debug_line    0x00000233       0x98 C:/Program Files (x86)/Atmel/Studio/7.0/Packs/atmel/ATmega_DFP/1.2.132/gcc/dev/atmega8a/avr4\libatmega8a.a(eewr_byte.o)

.debug_frame
 *(.debug_frame)

.debug_str      0x00000000      0x17a
 *(.debug_str)
 .debug_str     0x00000000      0x17a C:/Program Files (x86)/Atmel/Studio/7.0/Packs/atmel/ATmega_DFP/1.2.132/gcc/dev/atmega8a/avr4/crtatmega8a.o

.debug_loc
 *(.debug_loc)

.debug_macinfo
 *(.debug_macinfo)

.debug_weaknames
 *(.debug_weaknames)

.debug_funcnames
 *(.debug_funcnames)

.debug_typenames
 *(.debug_typenames)

.debug_varnames
 *(.debug_varnames)

.debug_pubtypes
 *(.debug_pubtypes)

.debug_ranges
 *(.debug_ranges)

.debug_macro
 *(.debug_macro)
OUTPUT(IO.elf elf32-avr)
LOAD linker stubs
